warning: in the working copy of 'apps/editor/package.json', LF will be replaced by CRLF the next time Git touches it
warning: in the working copy of 'apps/editor/src/components/ActivityPanel.tsx', LF will be replaced by CRLF the next time Git touches it
warning: in the working copy of 'apps/editor/src/components/PhaseRail.tsx', LF will be replaced by CRLF the next time Git touches it
warning: in the working copy of 'apps/editor/src/components/TakeOneNav.tsx', LF will be replaced by CRLF the next time Git touches it
warning: in the working copy of 'apps/editor/src/main.tsx', LF will be replaced by CRLF the next time Git touches it
warning: in the working copy of 'apps/editor/src/styles/app.css', LF will be replaced by CRLF the next time Git touches it
warning: in the working copy of 'apps/editor/src/styles/takeone-tokens.css', LF will be replaced by CRLF the next time Git touches it
warning: in the working copy of 'apps/rehearsal/dist/asset-library/browser.html', LF will be replaced by CRLF the next time Git touches it
warning: in the working copy of 'apps/rehearsal/dist/asset-library/imported-set.js', LF will be replaced by CRLF the next time Git touches it
warning: in the working copy of 'apps/rehearsal/dist/director.css', LF will be replaced by CRLF the next time Git touches it
warning: in the working copy of 'apps/rehearsal/dist/director.js', LF will be replaced by CRLF the next time Git touches it
warning: in the working copy of 'apps/rehearsal/dist/index.html', LF will be replaced by CRLF the next time Git touches it
warning: in the working copy of 'apps/rehearsal/dist/local-perception.js', LF will be replaced by CRLF the next time Git touches it
warning: in the working copy of 'apps/rehearsal/dist/motor-test.html', LF will be replaced by CRLF the next time Git touches it
warning: in the working copy of 'apps/rehearsal/dist/orbit.css', LF will be replaced by CRLF the next time Git touches it
warning: in the working copy of 'apps/rehearsal/dist/orbit.js', LF will be replaced by CRLF the next time Git touches it
warning: in the working copy of 'apps/rehearsal/dist/production-design/world.css', LF will be replaced by CRLF the next time Git touches it
warning: in the working copy of 'apps/rehearsal/dist/render-profile.js', LF will be replaced by CRLF the next time Git touches it
warning: in the working copy of 'apps/rehearsal/dist/sequence-player.js', LF will be replaced by CRLF the next time Git touches it
warning: in the working copy of 'apps/rehearsal/dist/takeone-experience.js', LF will be replaced by CRLF the next time Git touches it
warning: in the working copy of 'apps/rehearsal/dist/takeone-shell.js', LF will be replaced by CRLF the next time Git touches it
warning: in the working copy of 'apps/rehearsal/dist/tracking.css', LF will be replaced by CRLF the next time Git touches it
warning: in the working copy of 'apps/rehearsal/dist/voice-live.js', LF will be replaced by CRLF the next time Git touches it
warning: in the working copy of 'apps/rehearsal/dist/voice.css', LF will be replaced by CRLF the next time Git touches it
warning: in the working copy of 'apps/rehearsal/dist/voice.js', LF will be replaced by CRLF the next time Git touches it
warning: in the working copy of 'apps/rehearsal/package.json', LF will be replaced by CRLF the next time Git touches it
warning: in the working copy of 'apps/rehearsal/server.py', LF will be replaced by CRLF the next time Git touches it
warning: in the working copy of 'apps/rehearsal/tests/experience-ui.test.mjs', LF will be replaced by CRLF the next time Git touches it
warning: in the working copy of 'apps/rehearsal/tests/production-design-ui.test.mjs', LF will be replaced by CRLF the next time Git touches it
warning: in the working copy of 'apps/rehearsal/tests/recording.test.mjs', LF will be replaced by CRLF the next time Git touches it
warning: in the working copy of 'apps/rehearsal/tests/scene-edit.test.mjs', LF will be replaced by CRLF the next time Git touches it
warning: in the working copy of 'apps/rehearsal/tests/tracking-ui-preview.mjs', LF will be replaced by CRLF the next time Git touches it
warning: in the working copy of 'apps/rehearsal/tests/voice-live.test.mjs', LF will be replaced by CRLF the next time Git touches it
warning: in the working copy of 'packages/takeone/editor/project.py', LF will be replaced by CRLF the next time Git touches it
warning: in the working copy of 'packages/takeone/editor/service.py', LF will be replaced by CRLF the next time Git touches it
warning: in the working copy of 'packages/takeone/embodied/behavior.py', LF will be replaced by CRLF the next time Git touches it
warning: in the working copy of 'packages/takeone/phone/capture.py', LF will be replaced by CRLF the next time Git touches it
warning: in the working copy of 'packages/takeone/recording/api.py', LF will be replaced by CRLF the next time Git touches it
warning: in the working copy of 'packages/takeone/recording/contracts.py', LF will be replaced by CRLF the next time Git touches it
warning: in the working copy of 'packages/takeone/recording/repository.py', LF will be replaced by CRLF the next time Git touches it
warning: in the working copy of 'packages/takeone/recording/service.py', LF will be replaced by CRLF the next time Git touches it
warning: in the working copy of 'packages/takeone/review/vlm.py', LF will be replaced by CRLF the next time Git touches it
warning: in the working copy of 'packages/takeone/voice/provider_gemini.py', LF will be replaced by CRLF the next time Git touches it
warning: in the working copy of 'tests/test_orbit_http.py', LF will be replaced by CRLF the next time Git touches it
warning: in the working copy of 'tests/test_recording_plan_link.py', LF will be replaced by CRLF the next time Git touches it
warning: in the working copy of 'tests/test_voice_tools.py', LF will be replaced by CRLF the next time Git touches it
