{
  "schema": "takeone.arm-inspect.v1",
  "captured_utc": "2026-09-20T04:44:01.263506+00:00",
  "completed": false,
  "arms": {
    "phone": {
      "role": "phone",
      "profile": "windows",
      "completed": false,
      "serial_port_opened": false,
      "motor_register_writes": false,
      "motion_commands_sent": false,
      "live_execution_allowed": false,
      "scope": "One sequential state snapshot; not a tracking, load or physical-pose qualification",
      "identity": {
        "port": "COM9",
        "usb_serial": "5B14111456",
        "vid": 6790,
        "pid": 21971
      },
      "calibration_sha256": "47a0e1711da1a0c81e9fb5c4df074282578b2015786063bc8998e41da509ec90",
      "reference_model_sha256": "b05ec9116f62a866f3b3c914dcc925ed479dd9c2edbfaeef28218748d57f2d75",
      "model_sha256": "b1e77fe7878a52fcf091251a88798a6612692c9ad28ed5b1c350dbd030dc9ea9",
      "error": "ConnectionError: \nCould not connect on port 'COM9'. Make sure you are using the correct port.\nTry running `lerobot-find-port`\n",
      "causes": [
        "SerialException: Cannot configure port, something went wrong. Original message: PermissionError(13, 'A device attached to the system is not functioning.', None, 31)"
      ],
      "duration_s": 0.32028909999644384
    }
  },
  "motor_register_writes": false,
  "motion_commands_sent": false,
  "qualification_modified": false,
  "output": "C:\\Users\\nonst\\Documents\\Python\\TakeOne_Astra\\TakeOne\\data\\verification\\arm-connection-20260920-usb-reconnected.json"
}
