{
  "schema": "takeone.arm-inspect.v1",
  "captured_utc": "2026-09-20T04:42:50.495038+00:00",
  "completed": false,
  "arms": {
    "phone": {
      "role": "phone",
      "profile": "windows",
      "completed": false,
      "serial_port_opened": false,
      "motor_register_writes": false,
      "motion_commands_sent": false,
      "live_execution_allowed": false,
      "scope": "One sequential state snapshot; not a tracking, load or physical-pose qualification",
      "identity": {
        "port": "COM9",
        "usb_serial": "5B14111456",
        "vid": 6790,
        "pid": 21971
      },
      "calibration_sha256": "47a0e1711da1a0c81e9fb5c4df074282578b2015786063bc8998e41da509ec90",
      "reference_model_sha256": "b05ec9116f62a866f3b3c914dcc925ed479dd9c2edbfaeef28218748d57f2d75",
      "model_sha256": "b1e77fe7878a52fcf091251a88798a6612692c9ad28ed5b1c350dbd030dc9ea9",
      "error": "ConnectionError: \nCould not connect on port 'COM9'. Make sure you are using the correct port.\nTry running `lerobot-find-port`\n",
      "causes": [
        "SerialException: Cannot configure port, something went wrong. Original message: PermissionError(13, 'A device attached to the system is not functioning.', None, 31)"
      ],
      "duration_s": 0.3263301999977557
    },
    "light": {
      "role": "light",
      "profile": "windows",
      "completed": true,
      "serial_port_opened": true,
      "motor_register_writes": false,
      "motion_commands_sent": false,
      "live_execution_allowed": false,
      "scope": "One sequential state snapshot; not a tracking, load or physical-pose qualification",
      "identity": {
        "port": "COM8",
        "usb_serial": "5A7A058801",
        "vid": 6790,
        "pid": 21971
      },
      "calibration_sha256": "95c2b588d78964cb5ce535f74487760e126681361b126a46d37c86528022a5df",
      "reference_model_sha256": "b05ec9116f62a866f3b3c914dcc925ed479dd9c2edbfaeef28218748d57f2d75",
      "model_sha256": "b1e77fe7878a52fcf091251a88798a6612692c9ad28ed5b1c350dbd030dc9ea9",
      "firmware_calibration": {
        "shoulder_pan": {
          "id": 1,
          "drive_mode": 0,
          "homing_offset": -109,
          "range_min": 0,
          "range_max": 4095
        },
        "shoulder_lift": {
          "id": 2,
          "drive_mode": 0,
          "homing_offset": 1830,
          "range_min": 0,
          "range_max": 4095
        },
        "elbow_flex": {
          "id": 3,
          "drive_mode": 0,
          "homing_offset": 85,
          "range_min": 0,
          "range_max": 4095
        },
        "wrist_flex": {
          "id": 4,
          "drive_mode": 0,
          "homing_offset": -989,
          "range_min": 0,
          "range_max": 4095
        },
        "wrist_roll": {
          "id": 5,
          "drive_mode": 0,
          "homing_offset": -577,
          "range_min": 0,
          "range_max": 4095
        }
      },
      "configured_calibration_matches_hardware": false,
      "original_matches_hardware": false,
      "calibration_revision_active": true,
      "joints": {
        "shoulder_pan": {
          "motor_id": 1,
          "registers_raw": {
            "Present_Position": 972,
            "Goal_Position": 0,
            "Torque_Enable": 0,
            "Operating_Mode": 0,
            "Phase": 12,
            "Present_Voltage": 126,
            "Present_Temperature": 28
          },
          "servo_degrees": null,
          "model_radians_assuming_standard_calibration": null,
          "configured_encoder_range": [
            619,
            3313
          ],
          "configured_servo_range_deg": [
            -118.41758241758242,
            118.41758241758242
          ],
          "simulator_joint_range_deg": [
            -109.99999999999996,
            110.00000000000006
          ],
          "range_scope": "Configured calibration range under the operator's mechanical-stop policy"
        },
        "shoulder_lift": {
          "motor_id": 2,
          "registers_raw": {
            "Present_Position": 1682,
            "Goal_Position": 0,
            "Torque_Enable": 0,
            "Operating_Mode": 0,
            "Phase": 12,
            "Present_Voltage": 126,
            "Present_Temperature": 29
          },
          "servo_degrees": null,
          "model_radians_assuming_standard_calibration": null,
          "configured_encoder_range": [
            1684,
            4085
          ],
          "configured_servo_range_deg": [
            -105.53846153846153,
            105.53846153846153
          ],
          "simulator_joint_range_deg": [
            -99.99999999999959,
            100.00000000000041
          ],
          "range_scope": "Configured calibration range under the operator's mechanical-stop policy"
        },
        "elbow_flex": {
          "motor_id": 3,
          "registers_raw": {
            "Present_Position": 3509,
            "Goal_Position": 0,
            "Torque_Enable": 0,
            "Operating_Mode": 0,
            "Phase": 12,
            "Present_Voltage": 124,
            "Present_Temperature": 28
          },
          "servo_degrees": null,
          "model_radians_assuming_standard_calibration": null,
          "configured_encoder_range": [
            1308,
            3511
          ],
          "configured_servo_range_deg": [
            -96.83516483516483,
            96.83516483516483
          ],
          "simulator_joint_range_deg": [
            -96.82986737710912,
            96.82986737710912
          ],
          "range_scope": "Configured calibration range under the operator's mechanical-stop policy"
        },
        "wrist_flex": {
          "motor_id": 4,
          "registers_raw": {
            "Present_Position": 1430,
            "Goal_Position": 0,
            "Torque_Enable": 0,
            "Operating_Mode": 0,
            "Phase": 12,
            "Present_Voltage": 125,
            "Present_Temperature": 29
          },
          "servo_degrees": null,
          "model_radians_assuming_standard_calibration": null,
          "configured_encoder_range": [
            547,
            2879
          ],
          "configured_servo_range_deg": [
            -102.50549450549451,
            102.50549450549451
          ],
          "simulator_joint_range_deg": [
            -95.00000344124638,
            94.99999655875362
          ],
          "range_scope": "Configured calibration range under the operator's mechanical-stop policy"
        },
        "wrist_roll": {
          "motor_id": 5,
          "registers_raw": {
            "Present_Position": 2677,
            "Goal_Position": 0,
            "Torque_Enable": 0,
            "Operating_Mode": 0,
            "Phase": 12,
            "Present_Voltage": 124,
            "Present_Temperature": 29
          },
          "servo_degrees": null,
          "model_radians_assuming_standard_calibration": null,
          "configured_encoder_range": [
            1398,
            4090
          ],
          "configured_servo_range_deg": [
            -118.32967032967034,
            118.32967032967034
          ],
          "simulator_joint_range_deg": [
            -157.2108697464359,
            162.78913025356408
          ],
          "range_scope": "Configured calibration range under the operator's mechanical-stop policy"
        }
      },
      "live_state_issues": [
        "Attached firmware calibration differs from the configured revision",
        "shoulder_pan: torque-enabled hold is not established",
        "shoulder_lift: torque-enabled hold is not established",
        "shoulder_lift: outside the configured encoder range",
        "elbow_flex: torque-enabled hold is not established",
        "wrist_flex: torque-enabled hold is not established",
        "wrist_roll: torque-enabled hold is not established"
      ],
      "model_joint_radians": null,
      "mapping_status": "light: verified model alignment is required",
      "duration_s": 0.028811200005293358
    }
  },
  "motor_register_writes": false,
  "motion_commands_sent": false,
  "qualification_modified": false,
  "output": "C:\\Users\\nonst\\Documents\\Python\\TakeOne_Astra\\TakeOne\\data\\verification\\arm-connection-20260920-after-battery-recheck.json"
}
